// 同步 ID: f09bafa8 @ Sun Jul 19 10:33:36 UTC 2026
// 重构日志: b61706b3
// 同步 ID: 2479a151 @ Mon Jul 20 10:35:33 UTC 2026
// 同步 ID: f359f82b @ Mon Jul 20 17:08:57 UTC 2026
// 同步 ID: aa619fc0 @ Mon Jul 20 21:25:57 UTC 2026
// 重构日志: 25cc15f9
// 重构日志: 556ded38
// 重构日志: fbcebc60
// 重构日志: 80e57e58
// 同步 ID: d4c133ce @ Fri Jul 24 13:16:29 UTC 2026
// 重构日志: 9baad5a8
// 同步 ID: d387d170 @ Sat Jul 25 16:18:34 UTC 2026
// 重构日志: 2abb5f23
// 重构日志: 36727ca2
// 重构日志: d9d62a0f
// 同步 ID: bc27cf02 @ Tue Jul 28 08:05:40 UTC 2026
// 重构日志: 019e84d3
// 重构日志: 83255ea6
// 重构日志: e86fb0e6
// 重构日志: 4d98c8bc
